bun : $ vite build
At line:1 char:1
+ bun run build > build_error.log 2>&1
+ ~~~~~~~~~~~~~~~~~~~~~~~~~~~~~~~~~~~~
    + CategoryInfo          : NotSpecified: ($ vite buil 
   d:String) [], RemoteException
    + FullyQualifiedErrorId : NativeCommandError
 
[36mvite v7.3.1 [32mbuilding ssr environment for production...[36m[39m
transforming...
[32mΓ£ô[39m 813 modules transformed.
rendering chunks...
[36mvite v7.3.1 [32mbuilding client environment for production...[36m[39m
transforming...
[32mΓ£ô[39m 820 modules transformed.
rendering chunks...
computing gzip size...
[2m.svelte-kit/output/client/[22m[32m_app/version.json                       [39m[1m[2m 0.03 kB[22m[1m[22m[2m Γöé gzip:  0.05 kB[22m
[2m.svelte-kit/output/client/[22m[32m.vite/manifest.json                     [39m[1m[2m10.40 kB[22m[1m[22m[2m Γöé gzip:  1.37 kB[22m
[2m.svelte-kit/output/client/[22m[35m_app/immutable/assets/5.DNwx8rEr.css    [39m[1m[2m 0.28 kB[22m[1m[22m[2m Γöé gzip:  0.18 kB[22m
[2m.svelte-kit/output/client/[22m[35m_app/immutable/assets/6.CIz9xgcb.css    [39m[1m[2m 0.33 kB[22m[1m[22m[2m Γöé gzip:  0.21 kB[22m
[2m.svelte-kit/output/client/[22m[35m_app/immutable/assets/3.gsvt9cP7.css    [39m[1m[2m 0.51 kB[22m[1m[22m[2m Γöé gzip:  0.26 kB[22m
[2m.svelte-kit/output/client/[22m[35m_app/immutable/assets/2.El44jM0l.css    [39m[1m[2m 0.97 kB[22m[1m[22m[2m Γöé gzip:  0.24 kB[22m
[2m.svelte-kit/output/client/[22m[35m_app/immutable/assets/8.D7FwQsxb.css    [39m[1m[2m 1.09 kB[22m[1m[22m[2m Γöé gzip:  0.25 kB[22m
[2m.svelte-kit/output/client/[22m[35m_app/immutable/assets/0.DKB-gHL1.css    [39m[1m[2m71.18 kB[22m[1m[22m[2m Γöé gzip: 12.08 kB[22m
[2m.svelte-kit/output/client/[22m[36m_app/immutable/chunks/DsnmJJEf.js       [39m[1m[2m 0.07 kB[22m[1m[22m[2m Γöé gzip:  0.08 kB[22m
[2m.svelte-kit/output/client/[22m[36m_app/immutable/entry/start.CBcfDEIo.js  [39m[1m[2m 0.08 kB[22m[1m[22m[2m Γöé gzip:  0.09 kB[22m
[2m.svelte-kit/output/client/[22m[36m_app/immutable/chunks/DJfjsEZY.js       [39m[1m[2m 0.18 kB[22m[1m[22m[2m Γöé gzip:  0.15 kB[22m
[2m.svelte-kit/output/client/[22m[36m_app/immutable/chunks/CyWO5gNn.js       [39m[1m[2m 0.20 kB[22m[1m[22m[2m Γöé gzip:  0.18 kB[22m
[2m.svelte-kit/output/client/[22m[36m_app/immutable/nodes/1.BAO3-LeK.js      [39m[1m[2m 0.42 kB[22m[1m[22m[2m Γöé gzip:  0.28 kB[22m
[2m.svelte-kit/output/client/[22m[36m_app/immutable/chunks/DNuBO8S5.js       [39m[1m[2m 0.45 kB[22m[1m[22m[2m Γöé gzip:  0.33 kB[22m
[2m.svelte-kit/output/client/[22m[36m_app/immutable/chunks/CmubBptG.js       [39m[1m[2m 0.45 kB[22m[1m[22m[2m Γöé gzip:  0.33 kB[22m
[2m.svelte-kit/output/client/[22m[36m_app/immutable/chunks/BvDoMZP8.js       [39m[1m[2m 0.46 kB[22m[1m[22m[2m Γöé gzip:  0.33 kB[22m
[2m.svelte-kit/output/client/[22m[36m_app/immutable/chunks/BVpH0NMg.js       [39m[1m[2m 0.47 kB[22m[1m[22m[2m Γöé gzip:  0.34 kB[22m
[2m.svelte-kit/output/client/[22m[36m_app/immutable/chunks/D25ttVMt.js       [39m[1m[2m 0.48 kB[22m[1m[22m[2m Γöé gzip:  0.35 kB[22m
[2m.svelte-kit/output/client/[22m[36m_app/immutable/chunks/BUApaBEI.js       [39m[1m[2m 0.49 kB[22m[1m[22m[2m Γöé gzip:  0.30 kB[22m
[2m.svelte-kit/output/client/[22m[36m_app/immutable/chunks/BbiH_KDQ.js       [39m[1m[2m 0.51 kB[22m[1m[22m[2m Γöé gzip:  0.34 kB[22m
[2m.svelte-kit/output/client/[22m[36m_app/immutable/chunks/BLHbZD2c.js       [39m[1m[2m 0.52 kB[22m[1m[22m[2m Γöé gzip:  0.34 kB[22m
[2m.svelte-kit/output/client/[22m[36m_app/immutable/chunks/yIdVp4Rt.js       [39m[1m[2m 0.55 kB[22m[1m[22m[2m Γöé gzip:  0.38 kB[22m
[2m.svelte-kit/output/client/[22m[36m_app/immutable/chunks/FvrHOZBy.js       [39m[1m[2m 0.57 kB[22m[1m[22m[2m Γöé gzip:  0.41 kB[22m
[2m.svelte-kit/output/client/[22m[36m_app/immutable/chunks/C3UoeTwt.js       [39m[1m[2m 0.63 kB[22m[1m[22m[2m Γöé gzip:  0.43 kB[22m
[2m.svelte-kit/output/client/[22m[36m_app/immutable/chunks/DKCLs7KQ.js       [39m[1m[2m 0.64 kB[22m[1m[22m[2m Γöé gzip:  0.42 kB[22m
[2m.svelte-kit/output/client/[22m[36m_app/immutable/chunks/BDAVgTCL.js       [39m[1m[2m 1.12 kB[22m[1m[22m[2m Γöé gzip:  0.72 kB[22m
[2m.svelte-kit/output/client/[22m[36m_app/immutable/chunks/q--QeWNi.js       [39m[1m[2m 1.31 kB[22m[1m[22m[2m Γöé gzip:  0.53 kB[22m
[2m.svelte-kit/output/client/[22m[36m_app/immutable/chunks/DpANhhpq.js       [39m[1m[2m 1.39 kB[22m[1m[22m[2m Γöé gzip:  0.64 kB[22m
[2m.svelte-kit/output/client/[22m[36m_app/immutable/chunks/DgQRJOAz.js       [39m[1m[2m 2.23 kB[22m[1m[22m[2m Γöé gzip:  0.93 kB[22m
[2m.svelte-kit/output/client/[22m[36m_app/immutable/chunks/BvhnDXIX.js       [39m[1m[2m 4.28 kB[22m[1m[22m[2m Γöé gzip:  1.86 kB[22m
[2m.svelte-kit/output/client/[22m[36m_app/immutable/entry/app.DD3lmEPR.js    [39m[1m[2m 6.83 kB[22m[1m[22m[2m Γöé gzip:  2.99 kB[22m
[2m.svelte-kit/output/client/[22m[36m_app/immutable/nodes/7.B8SX6XU4.js      [39m[1m[2m 7.35 kB[22m[1m[22m[2m Γöé gzip:  2.79 kB[22m
[2m.svelte-kit/output/client/[22m[36m_app/immutable/nodes/5.CHovGlf-.js      [39m[1m[2m 7.72 kB[22m[1m[22m[2m Γöé gzip:  3.06 kB[22m
[2m.svelte-kit/output/client/[22m[36m_app/immutable/nodes/2.Q7TkiDWd.js      [39m[1m[2m 9.14 kB[22m[1m[22m[2m Γöé gzip:  3.62 kB[22m
[2m.svelte-kit/output/client/[22m[36m_app/immutable/chunks/CIwoVm_F.js       [39m[1m[2m 9.40 kB[22m[1m[22m[2m Γöé gzip:  3.84 kB[22m
[2m.svelte-kit/output/client/[22m[36m_app/immutable/nodes/6.DAga9N-v.js      [39m[1m[2m15.64 kB[22m[1m[22m[2m Γöé gzip:  5.95 kB[22m
[2m.svelte-kit/output/client/[22m[36m_app/immutable/nodes/3.D00k1e2t.js      [39m[1m[2m16.06 kB[22m[1m[22m[2m Γöé gzip:  5.65 kB[22m
[2m.svelte-kit/output/client/[22m[36m_app/immutable/nodes/4.D240IGet.js      [39m[1m[2m17.68 kB[22m[1m[22m[2m Γöé gzip:  6.40 kB[22m
[2m.svelte-kit/output/client/[22m[36m_app/immutable/chunks/C_GgMgQp.js       [39m[1m[2m28.64 kB[22m[1m[22m[2m Γöé gzip: 11.24 kB[22m
[2m.svelte-kit/output/client/[22m[36m_app/immutable/chunks/Ddf2F8x4.js       [39m[1m[2m30.57 kB[22m[1m[22m[2m Γöé gzip: 11.92 kB[22m
[2m.svelte-kit/output/client/[22m[36m_app/immutable/nodes/8.YZLDa99r.js      [39m[1m[2m43.31 kB[22m[1m[22m[2m Γöé gzip: 13.07 kB[22m
[2m.svelte-kit/output/client/[22m[36m_app/immutable/chunks/CZd_sX4P.js       [39m[1m[2m46.48 kB[22m[1m[22m[2m Γöé gzip: 17.00 kB[22m
[2m.svelte-kit/output/client/[22m[36m_app/immutable/nodes/0.BKySvrND.js      [39m[1m[2m49.29 kB[22m[1m[22m[2m Γöé gzip: 15.31 kB[22m
[32mΓ£ô built in 4.14s[39m
[2m.svelte-kit/output/server/[22m[32m.vite/manifest.json                                                  [39m[1m[2m  9.97 kB[22m[1m[22m
[2m.svelte-kit/output/server/[22m[35m_app/immutable/assets/_page.DNwx8rEr.css                             [39m[1m[2m  0.28 kB[22m[1m[22m
[2m.svelte-kit/output/server/[22m[35m_app/immutable/assets/_page.CIz9xgcb.css                             [39m[1m[2m  0.33 kB[22m[1m[22m
[2m.svelte-kit/output/server/[22m[35m_app/immutable/assets/_page.gsvt9cP7.css                             [39m[1m[2m  0.51 kB[22m[1m[22m
[2m.svelte-kit/output/server/[22m[35m_app/immutable/assets/_page.El44jM0l.css                             [39m[1m[2m  0.97 kB[22m[1m[22m
[2m.svelte-kit/output/server/[22m[35m_app/immutable/assets/_page.D7FwQsxb.css                             [39m[1m[2m  1.09 kB[22m[1m[22m
[2m.svelte-kit/output/server/[22m[35m_app/immutable/assets/_layout.WkNcN1K7.css                           [39m[1m[2m 71.05 kB[22m[1m[22m
[2m.svelte-kit/output/server/[22m[36mchunks/false.js                                                      [39m[1m[2m  0.04 kB[22m[1m[22m
[2m.svelte-kit/output/server/[22m[36minternal.js                                                          [39m[1m[2m  0.33 kB[22m[1m[22m
[2m.svelte-kit/output/server/[22m[36mchunks/equality.js                                                   [39m[1m[2m  0.33 kB[22m[1m[22m
[2m.svelte-kit/output/server/[22m[36mentries/fallbacks/error.svelte.js                                    [39m[1m[2m  0.35 kB[22m[1m[22m
[2m.svelte-kit/output/server/[22m[36mchunks/state.svelte.js                                               [39m[1m[2m  0.39 kB[22m[1m[22m
[2m.svelte-kit/output/server/[22m[36mentries/pages/services/_slug_/_page.ts.js                            [39m[1m[2m  0.44 kB[22m[1m[22m
[2m.svelte-kit/output/server/[22m[36mchunks/environment.js                                                [39m[1m[2m  0.62 kB[22m[1m[22m
[2m.svelte-kit/output/server/[22m[36mchunks/guides.js                                                     [39m[1m[2m  0.64 kB[22m[1m[22m
[2m.svelte-kit/output/server/[22m[36mchunks/index3.js                                                     [39m[1m[2m  0.87 kB[22m[1m[22m
[2m.svelte-kit/output/server/[22m[36mentries/pages/contact/_page.server.ts.js                             [39m[1m[2m  1.12 kB[22m[1m[22m
[2m.svelte-kit/output/server/[22m[36mchunks/utils.js                                                      [39m[1m[2m  1.15 kB[22m[1m[22m
[2m.svelte-kit/output/server/[22m[36mchunks/check.js                                                      [39m[1m[2m  1.43 kB[22m[1m[22m
[2m.svelte-kit/output/server/[22m[36mchunks/index.js                                                      [39m[1m[2m  1.46 kB[22m[1m[22m
[2m.svelte-kit/output/server/[22m[36mchunks/chevron-right.js                                              [39m[1m[2m  1.47 kB[22m[1m[22m
[2m.svelte-kit/output/server/[22m[36mchunks/x.js                                                          [39m[1m[2m  1.48 kB[22m[1m[22m
[2m.svelte-kit/output/server/[22m[36mchunks/arrow-right.js                                                [39m[1m[2m  1.54 kB[22m[1m[22m
[2m.svelte-kit/output/server/[22m[36mchunks/clock.js                                                      [39m[1m[2m  1.54 kB[22m[1m[22m
[2m.svelte-kit/output/server/[22m[36mchunks/map-pin.js                                                    [39m[1m[2m  1.80 kB[22m[1m[22m
[2m.svelte-kit/output/server/[22m[36mchunks/card-title.js                                                 [39m[1m[2m  1.83 kB[22m[1m[22m
[2m.svelte-kit/output/server/[22m[36mentries/endpoints/sitemap.xml/_server.ts.js                          [39m[1m[2m  1.90 kB[22m[1m[22m
[2m.svelte-kit/output/server/[22m[36mchunks/message-circle.js                                             [39m[1m[2m  1.92 kB[22m[1m[22m
[2m.svelte-kit/output/server/[22m[36mchunks/gem.js                                                        [39m[1m[2m  1.94 kB[22m[1m[22m
[2m.svelte-kit/output/server/[22m[36mchunks/phone.js                                                      [39m[1m[2m  1.95 kB[22m[1m[22m
[2m.svelte-kit/output/server/[22m[36mchunks/context.js                                                    [39m[1m[2m  2.88 kB[22m[1m[22m
[2m.svelte-kit/output/server/[22m[36mchunks/badge.js                                                      [39m[1m[2m  2.93 kB[22m[1m[22m
[2m.svelte-kit/output/server/[22m[36mchunks/star.js                                                       [39m[1m[2m  4.51 kB[22m[1m[22m
[2m.svelte-kit/output/server/[22m[36mchunks/site.js                                                       [39m[1m[2m  5.13 kB[22m[1m[22m
[2m.svelte-kit/output/server/[22m[36mchunks/exports.js                                                    [39m[1m[2m  5.59 kB[22m[1m[22m
[2m.svelte-kit/output/server/[22m[36mentries/pages/services/_page.svelte.js                               [39m[1m[2m  9.23 kB[22m[1m[22m
[2m.svelte-kit/output/server/[22m[36mentries/pages/makeup-guides/_page.svelte.js                          [39m[1m[2m 11.32 kB[22m[1m[22m
[2m.svelte-kit/output/server/[22m[36mentries/pages/_page.svelte.js                                        [39m[1m[2m 13.45 kB[22m[1m[22m
[2m.svelte-kit/output/server/[22m[36mchunks/separator.js                                                  [39m[1m[2m 14.62 kB[22m[1m[22m
[2m.svelte-kit/output/server/[22m[36mremote-entry.js                                                      [39m[1m[2m 18.99 kB[22m[1m[22m
[2m.svelte-kit/output/server/[22m[36mentries/pages/contact/_page.svelte.js                                [39m[1m[2m 19.01 kB[22m[1m[22m
[2m.svelte-kit/output/server/[22m[36mentries/pages/about/_page.svelte.js                                  [39m[1m[2m 21.41 kB[22m[1m[22m
[2m.svelte-kit/output/server/[22m[36mentries/pages/makeup-guides/skin-prep-before-makeup/_page.svelte.js  [39m[1m[2m 22.26 kB[22m[1m[22m
[2m.svelte-kit/output/server/[22m[36mchunks/shared.js                                                     [39m[1m[2m 25.96 kB[22m[1m[22m
[2m.svelte-kit/output/server/[22m[36mchunks/services.js                                                   [39m[1m[2m 27.11 kB[22m[1m[22m
[2m.svelte-kit/output/server/[22m[36mchunks/internal.js                                                   [39m[1m[2m 27.96 kB[22m[1m[22m
[2m.svelte-kit/output/server/[22m[36mentries/pages/services/_slug_/_page.svelte.js                        [39m[1m[2m 31.03 kB[22m[1m[22m
[2m.svelte-kit/output/server/[22m[36mchunks/index2.js                                                     [39m[1m[2m 32.47 kB[22m[1m[22m
[2m.svelte-kit/output/server/[22m[36mchunks/events.js                                                     [39m[1m[2m 54.26 kB[22m[1m[22m
[2m.svelte-kit/output/server/[22m[36mentries/pages/_layout.svelte.js                                      [39m[1m[2m 78.59 kB[22m[1m[22m
[2m.svelte-kit/output/server/[22m[36mindex.js                                                             [39m[1m[2m120.33 kB[22m[1m[22m
[32mΓ£ô built in 14.66s[39m

Run npm run preview to preview your production build locally.

> Using @sveltejs/adapter-cloudflare
  Γ£ö done
